[0.137s] DEBUG:colcon:Command line arguments: ['/usr/bin/colcon', 'build', '--symlink-install']
[0.137s] DEBUG:colcon:Parsed command line arguments: Namespace(log_base=None, log_level=None, verb_name='build', build_base='build', install_base='install', merge_install=False, symlink_install=True, test_result_base=None, continue_on_error=False, executor='parallel', parallel_workers=4, event_handlers=None, ignore_user_meta=False, metas=['./colcon.meta'], base_paths=['.'], packages_ignore=None, packages_ignore_regex=None, paths=None, packages_up_to=None, packages_up_to_regex=None, packages_above=None, packages_above_and_dependencies=None, packages_above_depth=None, packages_select_by_dep=None, packages_skip_by_dep=None, packages_skip_up_to=None, packages_select_build_failed=False, packages_skip_build_finished=False, packages_select_test_failures=False, packages_skip_test_passed=False, packages_select=None, packages_skip=None, packages_select_regex=None, packages_skip_regex=None, packages_start=None, packages_end=None, allow_overriding=[], cmake_args=None, cmake_target=None, cmake_target_skip_unavailable=False, cmake_clean_cache=False, cmake_clean_first=False, cmake_force_configure=False, ament_cmake_args=None, catkin_cmake_args=None, catkin_skip_building_tests=False, verb_parser=<colcon_defaults.argument_parser.defaults.DefaultArgumentsDecorator object at 0x7b4639e59b40>, verb_extension=<colcon_core.verb.build.BuildVerb object at 0x7b4639e596f0>, main=<bound method BuildVerb.main of <colcon_core.verb.build.BuildVerb object at 0x7b4639e596f0>>)
[0.310s] Level 1:colcon.colcon_core.package_discovery:discover_packages(colcon_meta) check parameters
[0.310s] Level 1:colcon.colcon_core.package_discovery:discover_packages(recursive) check parameters
[0.310s] Level 1:colcon.colcon_core.package_discovery:discover_packages(ignore) check parameters
[0.310s] Level 1:colcon.colcon_core.package_discovery:discover_packages(path) check parameters
[0.310s] Level 1:colcon.colcon_core.package_discovery:discover_packages(colcon_meta) discover
[0.310s] Level 1:colcon.colcon_core.package_discovery:discover_packages(recursive) discover
[0.310s] INFO:colcon.colcon_core.package_discovery:Crawling recursively for packages in '/home/vboxuser/res_robo'
[0.310s] Level 1:colcon.colcon_core.package_identification:_identify(.) by extensions ['ignore', 'ignore_ament_install']
[0.310s] Level 1:colcon.colcon_core.package_identification:_identify(.) by extension 'ignore'
[0.310s] Level 1:colcon.colcon_core.package_identification:_identify(.) by extension 'ignore_ament_install'
[0.310s] Level 1:colcon.colcon_core.package_identification:_identify(.) by extensions ['colcon_pkg']
[0.310s] Level 1:colcon.colcon_core.package_identification:_identify(.) by extension 'colcon_pkg'
[0.310s] Level 1:colcon.colcon_core.package_identification:_identify(.) by extensions ['colcon_meta']
[0.310s] Level 1:colcon.colcon_core.package_identification:_identify(.) by extension 'colcon_meta'
[0.310s] Level 1:colcon.colcon_core.package_identification:_identify(.) by extensions ['ros']
[0.310s] Level 1:colcon.colcon_core.package_identification:_identify(.) by extension 'ros'
[0.324s] Level 1:colcon.colcon_core.package_identification:_identify(.) by extensions ['cmake', 'python']
[0.324s] Level 1:colcon.colcon_core.package_identification:_identify(.) by extension 'cmake'
[0.324s] Level 1:colcon.colcon_core.package_identification:_identify(.) by extension 'python'
[0.324s] Level 1:colcon.colcon_core.package_identification:_identify(.) by extensions ['python_setup_py']
[0.324s] Level 1:colcon.colcon_core.package_identification:_identify(.) by extension 'python_setup_py'
[0.324s] Level 1:colcon.colcon_core.package_identification:_identify(build) by extensions ['ignore', 'ignore_ament_install']
[0.324s] Level 1:colcon.colcon_core.package_identification:_identify(build) by extension 'ignore'
[0.324s] Level 1:colcon.colcon_core.package_identification:_identify(build) ignored
[0.324s] Level 1:colcon.colcon_core.package_identification:_identify(install) by extensions ['ignore', 'ignore_ament_install']
[0.325s] Level 1:colcon.colcon_core.package_identification:_identify(install) by extension 'ignore'
[0.325s] Level 1:colcon.colcon_core.package_identification:_identify(install) ignored
[0.325s] Level 1:colcon.colcon_core.package_identification:_identify(log) by extensions ['ignore', 'ignore_ament_install']
[0.326s] Level 1:colcon.colcon_core.package_identification:_identify(log) by extension 'ignore'
[0.326s] Level 1:colcon.colcon_core.package_identification:_identify(log) ignored
[0.326s] Level 1:colcon.colcon_core.package_identification:_identify(src) by extensions ['ignore', 'ignore_ament_install']
[0.326s] Level 1:colcon.colcon_core.package_identification:_identify(src) by extension 'ignore'
[0.327s] Level 1:colcon.colcon_core.package_identification:_identify(src) by extension 'ignore_ament_install'
[0.327s] Level 1:colcon.colcon_core.package_identification:_identify(src) by extensions ['colcon_pkg']
[0.327s] Level 1:colcon.colcon_core.package_identification:_identify(src) by extension 'colcon_pkg'
[0.327s] Level 1:colcon.colcon_core.package_identification:_identify(src) by extensions ['colcon_meta']
[0.327s] Level 1:colcon.colcon_core.package_identification:_identify(src) by extension 'colcon_meta'
[0.327s] Level 1:colcon.colcon_core.package_identification:_identify(src) by extensions ['ros']
[0.327s] Level 1:colcon.colcon_core.package_identification:_identify(src) by extension 'ros'
[0.327s] Level 1:colcon.colcon_core.package_identification:_identify(src) by extensions ['cmake', 'python']
[0.327s] Level 1:colcon.colcon_core.package_identification:_identify(src) by extension 'cmake'
[0.327s] Level 1:colcon.colcon_core.package_identification:_identify(src) by extension 'python'
[0.327s] Level 1:colcon.colcon_core.package_identification:_identify(src) by extensions ['python_setup_py']
[0.327s] Level 1:colcon.colcon_core.package_identification:_identify(src) by extension 'python_setup_py'
[0.327s] Level 1:colcon.colcon_core.package_identification:_identify(src/restaurant_bot) by extensions ['ignore', 'ignore_ament_install']
[0.327s] Level 1:colcon.colcon_core.package_identification:_identify(src/restaurant_bot) by extension 'ignore'
[0.327s] Level 1:colcon.colcon_core.package_identification:_identify(src/restaurant_bot) by extension 'ignore_ament_install'
[0.327s] Level 1:colcon.colcon_core.package_identification:_identify(src/restaurant_bot) by extensions ['colcon_pkg']
[0.327s] Level 1:colcon.colcon_core.package_identification:_identify(src/restaurant_bot) by extension 'colcon_pkg'
[0.327s] Level 1:colcon.colcon_core.package_identification:_identify(src/restaurant_bot) by extensions ['colcon_meta']
[0.328s] Level 1:colcon.colcon_core.package_identification:_identify(src/restaurant_bot) by extension 'colcon_meta'
[0.328s] Level 1:colcon.colcon_core.package_identification:_identify(src/restaurant_bot) by extensions ['ros']
[0.328s] Level 1:colcon.colcon_core.package_identification:_identify(src/restaurant_bot) by extension 'ros'
[0.330s] DEBUG:colcon.colcon_core.package_identification:Package 'src/restaurant_bot' with type 'ros.ament_cmake' and name 'restaurant_bot'
[0.330s] Level 1:colcon.colcon_core.package_discovery:discover_packages(recursive) using defaults
[0.330s] Level 1:colcon.colcon_core.package_discovery:discover_packages(ignore) discover
[0.330s] Level 1:colcon.colcon_core.package_discovery:discover_packages(ignore) using defaults
[0.330s] Level 1:colcon.colcon_core.package_discovery:discover_packages(path) discover
[0.330s] Level 1:colcon.colcon_core.package_discovery:discover_packages(path) using defaults
[0.368s] Level 1:colcon.colcon_core.package_discovery:discover_packages(prefix_path) check parameters
[0.368s] Level 1:colcon.colcon_core.package_discovery:discover_packages(prefix_path) discover
[0.369s] WARNING:colcon.colcon_ros.prefix_path.ament:The path '/home/vboxuser/res_robo/install/restaurant_bot' in the environment variable AMENT_PREFIX_PATH doesn't exist
[0.369s] WARNING:colcon.colcon_ros.prefix_path.catkin:The path '/home/vboxuser/res_robo/install/restaurant_bot' in the environment variable CMAKE_PREFIX_PATH doesn't exist
[0.370s] DEBUG:colcon.colcon_installed_package_information.package_discovery:Found 0 installed packages in /home/vboxuser/res_robo/install
[0.371s] DEBUG:colcon.colcon_installed_package_information.package_discovery:Found 474 installed packages in /opt/ros/humble
[0.373s] Level 1:colcon.colcon_core.package_discovery:discover_packages(prefix_path) using defaults
[0.426s] Level 5:colcon.colcon_core.verb:set package 'restaurant_bot' build argument 'cmake_args' from command line to 'None'
[0.426s] Level 5:colcon.colcon_core.verb:set package 'restaurant_bot' build argument 'cmake_target' from command line to 'None'
[0.426s] Level 5:colcon.colcon_core.verb:set package 'restaurant_bot' build argument 'cmake_target_skip_unavailable' from command line to 'False'
[0.426s] Level 5:colcon.colcon_core.verb:set package 'restaurant_bot' build argument 'cmake_clean_cache' from command line to 'False'
[0.426s] Level 5:colcon.colcon_core.verb:set package 'restaurant_bot' build argument 'cmake_clean_first' from command line to 'False'
[0.426s] Level 5:colcon.colcon_core.verb:set package 'restaurant_bot' build argument 'cmake_force_configure' from command line to 'False'
[0.426s] Level 5:colcon.colcon_core.verb:set package 'restaurant_bot' build argument 'ament_cmake_args' from command line to 'None'
[0.426s] Level 5:colcon.colcon_core.verb:set package 'restaurant_bot' build argument 'catkin_cmake_args' from command line to 'None'
[0.426s] Level 5:colcon.colcon_core.verb:set package 'restaurant_bot' build argument 'catkin_skip_building_tests' from command line to 'False'
[0.426s] DEBUG:colcon.colcon_core.verb:Building package 'restaurant_bot' with the following arguments: {'ament_cmake_args': None, 'build_base': '/home/vboxuser/res_robo/build/restaurant_bot', 'catkin_cmake_args': None, 'catkin_skip_building_tests': False, 'cmake_args': None, 'cmake_clean_cache': False, 'cmake_clean_first': False, 'cmake_force_configure': False, 'cmake_target': None, 'cmake_target_skip_unavailable': False, 'install_base': '/home/vboxuser/res_robo/install/restaurant_bot', 'merge_install': False, 'path': '/home/vboxuser/res_robo/src/restaurant_bot', 'symlink_install': True, 'test_result_base': None}
[0.426s] INFO:colcon.colcon_core.executor:Executing jobs using 'parallel' executor
[0.428s] DEBUG:colcon.colcon_parallel_executor.executor.parallel:run_until_complete
[0.428s] INFO:colcon.colcon_ros.task.ament_cmake.build:Building ROS package in '/home/vboxuser/res_robo/src/restaurant_bot' with build type 'ament_cmake'
[0.428s] INFO:colcon.colcon_cmake.task.cmake.build:Building CMake package in '/home/vboxuser/res_robo/src/restaurant_bot'
[0.430s] INFO:colcon.colcon_core.plugin_system:Skipping extension 'colcon_core.shell.bat': Not used on non-Windows systems
[0.430s] INFO:colcon.colcon_core.shell:Skip shell extension 'powershell' for command environment: Not usable outside of PowerShell
[0.430s] DEBUG:colcon.colcon_core.shell:Skip shell extension 'dsv' for command environment
[0.455s] DEBUG:colcon.colcon_core.event_handler.log_command:Invoking command in '/home/vboxuser/res_robo/build/restaurant_bot': CMAKE_PREFIX_PATH=${CMAKE_PREFIX_PATH}:/opt/ros/humble /usr/bin/cmake /home/vboxuser/res_robo/src/restaurant_bot -DAMENT_CMAKE_SYMLINK_INSTALL=1 -DCMAKE_INSTALL_PREFIX=/home/vboxuser/res_robo/install/restaurant_bot
[1.476s] DEBUG:colcon.colcon_core.event_handler.log_command:Invoked command in '/home/vboxuser/res_robo/build/restaurant_bot' returned '0': CMAKE_PREFIX_PATH=${CMAKE_PREFIX_PATH}:/opt/ros/humble /usr/bin/cmake /home/vboxuser/res_robo/src/restaurant_bot -DAMENT_CMAKE_SYMLINK_INSTALL=1 -DCMAKE_INSTALL_PREFIX=/home/vboxuser/res_robo/install/restaurant_bot
[1.478s] DEBUG:colcon.colcon_core.event_handler.log_command:Invoking command in '/home/vboxuser/res_robo/build/restaurant_bot': CMAKE_PREFIX_PATH=${CMAKE_PREFIX_PATH}:/opt/ros/humble /usr/bin/cmake --build /home/vboxuser/res_robo/build/restaurant_bot -- -j4 -l4
[1.586s] DEBUG:colcon.colcon_core.event_handler.log_command:Invoked command in '/home/vboxuser/res_robo/build/restaurant_bot' returned '0': CMAKE_PREFIX_PATH=${CMAKE_PREFIX_PATH}:/opt/ros/humble /usr/bin/cmake --build /home/vboxuser/res_robo/build/restaurant_bot -- -j4 -l4
[1.613s] DEBUG:colcon.colcon_core.event_handler.log_command:Invoking command in '/home/vboxuser/res_robo/build/restaurant_bot': CMAKE_PREFIX_PATH=${CMAKE_PREFIX_PATH}:/opt/ros/humble /usr/bin/cmake --install /home/vboxuser/res_robo/build/restaurant_bot
[2.064s] Level 1:colcon.colcon_core.environment:create_environment_scripts_only(restaurant_bot)
[2.066s] DEBUG:colcon.colcon_core.event_handler.log_command:Invoked command in '/home/vboxuser/res_robo/build/restaurant_bot' returned '0': CMAKE_PREFIX_PATH=${CMAKE_PREFIX_PATH}:/opt/ros/humble /usr/bin/cmake --install /home/vboxuser/res_robo/build/restaurant_bot
[2.067s] Level 1:colcon.colcon_core.environment:checking '/home/vboxuser/res_robo/install/restaurant_bot' for CMake module files
[2.068s] Level 1:colcon.colcon_core.environment:checking '/home/vboxuser/res_robo/install/restaurant_bot' for CMake config files
[2.068s] Level 1:colcon.colcon_core.shell:create_environment_hook('restaurant_bot', 'cmake_prefix_path')
[2.069s] INFO:colcon.colcon_core.shell:Creating environment hook '/home/vboxuser/res_robo/install/restaurant_bot/share/restaurant_bot/hook/cmake_prefix_path.ps1'
[2.069s] INFO:colcon.colcon_core.shell:Creating environment descriptor '/home/vboxuser/res_robo/install/restaurant_bot/share/restaurant_bot/hook/cmake_prefix_path.dsv'
[2.069s] INFO:colcon.colcon_core.shell:Creating environment hook '/home/vboxuser/res_robo/install/restaurant_bot/share/restaurant_bot/hook/cmake_prefix_path.sh'
[2.070s] Level 1:colcon.colcon_core.environment:checking '/home/vboxuser/res_robo/install/restaurant_bot/bin'
[2.070s] Level 1:colcon.colcon_core.environment:checking '/home/vboxuser/res_robo/install/restaurant_bot/lib/pkgconfig/restaurant_bot.pc'
[2.070s] Level 1:colcon.colcon_core.environment:checking '/home/vboxuser/res_robo/install/restaurant_bot/lib/python3.10/site-packages'
[2.070s] Level 1:colcon.colcon_core.environment:checking '/home/vboxuser/res_robo/install/restaurant_bot/bin'
[2.071s] INFO:colcon.colcon_core.shell:Creating package script '/home/vboxuser/res_robo/install/restaurant_bot/share/restaurant_bot/package.ps1'
[2.071s] INFO:colcon.colcon_core.shell:Creating package descriptor '/home/vboxuser/res_robo/install/restaurant_bot/share/restaurant_bot/package.dsv'
[2.072s] INFO:colcon.colcon_core.shell:Creating package script '/home/vboxuser/res_robo/install/restaurant_bot/share/restaurant_bot/package.sh'
[2.072s] INFO:colcon.colcon_core.shell:Creating package script '/home/vboxuser/res_robo/install/restaurant_bot/share/restaurant_bot/package.bash'
[2.072s] INFO:colcon.colcon_core.shell:Creating package script '/home/vboxuser/res_robo/install/restaurant_bot/share/restaurant_bot/package.zsh'
[2.073s] Level 1:colcon.colcon_core.environment:create_file_with_runtime_dependencies(/home/vboxuser/res_robo/install/restaurant_bot/share/colcon-core/packages/restaurant_bot)
[2.073s] Level 1:colcon.colcon_core.environment:create_environment_scripts_only(restaurant_bot)
[2.073s] Level 1:colcon.colcon_core.environment:checking '/home/vboxuser/res_robo/install/restaurant_bot' for CMake module files
[2.074s] Level 1:colcon.colcon_core.environment:checking '/home/vboxuser/res_robo/install/restaurant_bot' for CMake config files
[2.074s] Level 1:colcon.colcon_core.shell:create_environment_hook('restaurant_bot', 'cmake_prefix_path')
[2.074s] INFO:colcon.colcon_core.shell:Creating environment hook '/home/vboxuser/res_robo/install/restaurant_bot/share/restaurant_bot/hook/cmake_prefix_path.ps1'
[2.074s] INFO:colcon.colcon_core.shell:Creating environment descriptor '/home/vboxuser/res_robo/install/restaurant_bot/share/restaurant_bot/hook/cmake_prefix_path.dsv'
[2.075s] INFO:colcon.colcon_core.shell:Creating environment hook '/home/vboxuser/res_robo/install/restaurant_bot/share/restaurant_bot/hook/cmake_prefix_path.sh'
[2.076s] Level 1:colcon.colcon_core.environment:checking '/home/vboxuser/res_robo/install/restaurant_bot/bin'
[2.076s] Level 1:colcon.colcon_core.environment:checking '/home/vboxuser/res_robo/install/restaurant_bot/lib/pkgconfig/restaurant_bot.pc'
[2.076s] Level 1:colcon.colcon_core.environment:checking '/home/vboxuser/res_robo/install/restaurant_bot/lib/python3.10/site-packages'
[2.076s] Level 1:colcon.colcon_core.environment:checking '/home/vboxuser/res_robo/install/restaurant_bot/bin'
[2.076s] INFO:colcon.colcon_core.shell:Creating package script '/home/vboxuser/res_robo/install/restaurant_bot/share/restaurant_bot/package.ps1'
[2.077s] INFO:colcon.colcon_core.shell:Creating package descriptor '/home/vboxuser/res_robo/install/restaurant_bot/share/restaurant_bot/package.dsv'
[2.077s] INFO:colcon.colcon_core.shell:Creating package script '/home/vboxuser/res_robo/install/restaurant_bot/share/restaurant_bot/package.sh'
[2.078s] INFO:colcon.colcon_core.shell:Creating package script '/home/vboxuser/res_robo/install/restaurant_bot/share/restaurant_bot/package.bash'
[2.079s] INFO:colcon.colcon_core.shell:Creating package script '/home/vboxuser/res_robo/install/restaurant_bot/share/restaurant_bot/package.zsh'
[2.079s] Level 1:colcon.colcon_core.environment:create_file_with_runtime_dependencies(/home/vboxuser/res_robo/install/restaurant_bot/share/colcon-core/packages/restaurant_bot)
[2.080s] DEBUG:colcon.colcon_parallel_executor.executor.parallel:closing loop
[2.080s] DEBUG:colcon.colcon_parallel_executor.executor.parallel:loop closed
[2.080s] DEBUG:colcon.colcon_parallel_executor.executor.parallel:run_until_complete finished with '0'
[2.080s] DEBUG:colcon.colcon_core.event_reactor:joining thread
[2.084s] INFO:colcon.colcon_core.plugin_system:Skipping extension 'colcon_notification.desktop_notification.terminal_notifier': Not used on non-Darwin systems
[2.084s] INFO:colcon.colcon_core.plugin_system:Skipping extension 'colcon_notification.desktop_notification.win32': Not used on non-Windows systems
[2.084s] INFO:colcon.colcon_notification.desktop_notification:Sending desktop notification using 'notify2'
[2.114s] DEBUG:colcon.colcon_core.event_reactor:joined thread
[2.114s] INFO:colcon.colcon_core.shell:Creating prefix script '/home/vboxuser/res_robo/install/local_setup.ps1'
[2.115s] INFO:colcon.colcon_core.shell:Creating prefix util module '/home/vboxuser/res_robo/install/_local_setup_util_ps1.py'
[2.116s] INFO:colcon.colcon_core.shell:Creating prefix chain script '/home/vboxuser/res_robo/install/setup.ps1'
[2.117s] INFO:colcon.colcon_core.shell:Creating prefix script '/home/vboxuser/res_robo/install/local_setup.sh'
[2.118s] INFO:colcon.colcon_core.shell:Creating prefix util module '/home/vboxuser/res_robo/install/_local_setup_util_sh.py'
[2.118s] INFO:colcon.colcon_core.shell:Creating prefix chain script '/home/vboxuser/res_robo/install/setup.sh'
[2.119s] INFO:colcon.colcon_core.shell:Creating prefix script '/home/vboxuser/res_robo/install/local_setup.bash'
[2.120s] INFO:colcon.colcon_core.shell:Creating prefix chain script '/home/vboxuser/res_robo/install/setup.bash'
[2.121s] INFO:colcon.colcon_core.shell:Creating prefix script '/home/vboxuser/res_robo/install/local_setup.zsh'
[2.121s] INFO:colcon.colcon_core.shell:Creating prefix chain script '/home/vboxuser/res_robo/install/setup.zsh'
