-- The C compiler identification is GNU 11.4.0
-- The CXX compiler identification is GNU 11.4.0
-- Detecting C compiler ABI info
-- Detecting C compiler ABI info - done
-- Check for working C compiler: /usr/bin/cc - skipped
-- Detecting C compile features
-- Detecting C compile features - done
-- Detecting CXX compiler ABI info
-- Detecting CXX compiler ABI info - done
-- Check for working CXX compiler: /usr/bin/c++ - skipped
-- Detecting CXX compile features
-- Detecting CXX compile features - done
-- Found ament_cmake: 1.3.14 (/opt/ros/humble/share/ament_cmake/cmake)
-- Found Python3: /usr/bin/python3 (found version "3.10.12") found components: Interpreter 
-- Override CMake install command with custom implementation using symlinks instead of copying resources
-- Configuring done
-- Generating done
-- Build files have been written to: /home/vboxuser/res_robo/build/restaurant_bot
-- Install configuration: ""
-- Execute custom install script
-- Symlinking: /home/vboxuser/res_robo/install/restaurant_bot/share/restaurant_bot//urdf/restaurant_bot.gazebo.xacro
-- Symlinking: /home/vboxuser/res_robo/install/restaurant_bot/share/restaurant_bot//urdf/restaurant_bot.urdf.xacro
-- Symlinking: /home/vboxuser/res_robo/install/restaurant_bot/share/restaurant_bot//config/controllers.yaml
-- Symlinking: /home/vboxuser/res_robo/install/restaurant_bot/share/restaurant_bot//launch/gazebo.launch.py
-- Symlinking: /home/vboxuser/res_robo/install/restaurant_bot/share/restaurant_bot//launch/restaurant_world.launch.py
-- Symlinking: /home/vboxuser/res_robo/install/restaurant_bot/share/restaurant_bot/worlds/restaurant.world
-- Symlinking: /home/vboxuser/res_robo/install/restaurant_bot/share/restaurant_bot/models/kitchen/model.config
-- Symlinking: /home/vboxuser/res_robo/install/restaurant_bot/share/restaurant_bot/models/kitchen/model.sdf
-- Symlinking: /home/vboxuser/res_robo/install/restaurant_bot/share/restaurant_bot/models/restaurant_chair/model.config
-- Symlinking: /home/vboxuser/res_robo/install/restaurant_bot/share/restaurant_bot/models/restaurant_chair/model.sdf
-- Symlinking: /home/vboxuser/res_robo/install/restaurant_bot/share/restaurant_bot/models/restaurant_table/model.config
-- Symlinking: /home/vboxuser/res_robo/install/restaurant_bot/share/restaurant_bot/models/restaurant_table/model.sdf
-- Up-to-date symlink: /home/vboxuser/res_robo/install/restaurant_bot/share/restaurant_bot/launch/gazebo.launch.py
-- Up-to-date symlink: /home/vboxuser/res_robo/install/restaurant_bot/share/restaurant_bot/launch/restaurant_world.launch.py
-- Up-to-date symlink: /home/vboxuser/res_robo/install/restaurant_bot/share/restaurant_bot/urdf/restaurant_bot.gazebo.xacro
-- Up-to-date symlink: /home/vboxuser/res_robo/install/restaurant_bot/share/restaurant_bot/urdf/restaurant_bot.urdf.xacro
-- Up-to-date symlink: /home/vboxuser/res_robo/install/restaurant_bot/share/restaurant_bot/config/controllers.yaml
-- Symlinking: /home/vboxuser/res_robo/install/restaurant_bot/share/ament_index/resource_index/package_run_dependencies/restaurant_bot
-- Symlinking: /home/vboxuser/res_robo/install/restaurant_bot/share/ament_index/resource_index/parent_prefix_path/restaurant_bot
-- Symlinking: /home/vboxuser/res_robo/install/restaurant_bot/share/restaurant_bot/environment/ament_prefix_path.sh
-- Symlinking: /home/vboxuser/res_robo/install/restaurant_bot/share/restaurant_bot/environment/ament_prefix_path.dsv
-- Symlinking: /home/vboxuser/res_robo/install/restaurant_bot/share/restaurant_bot/environment/path.sh
-- Symlinking: /home/vboxuser/res_robo/install/restaurant_bot/share/restaurant_bot/environment/path.dsv
-- Symlinking: /home/vboxuser/res_robo/install/restaurant_bot/share/restaurant_bot/local_setup.bash
-- Symlinking: /home/vboxuser/res_robo/install/restaurant_bot/share/restaurant_bot/local_setup.sh
-- Symlinking: /home/vboxuser/res_robo/install/restaurant_bot/share/restaurant_bot/local_setup.zsh
-- Symlinking: /home/vboxuser/res_robo/install/restaurant_bot/share/restaurant_bot/local_setup.dsv
-- Symlinking: /home/vboxuser/res_robo/install/restaurant_bot/share/restaurant_bot/package.dsv
-- Symlinking: /home/vboxuser/res_robo/install/restaurant_bot/share/ament_index/resource_index/packages/restaurant_bot
-- Symlinking: /home/vboxuser/res_robo/install/restaurant_bot/share/restaurant_bot/cmake/restaurant_botConfig.cmake
-- Symlinking: /home/vboxuser/res_robo/install/restaurant_bot/share/restaurant_bot/cmake/restaurant_botConfig-version.cmake
-- Symlinking: /home/vboxuser/res_robo/install/restaurant_bot/share/restaurant_bot/package.xml
