[0.026s] Invoking command in '/home/vboxuser/res_robo/build/restaurant_bot': CMAKE_PREFIX_PATH=${CMAKE_PREFIX_PATH}:/opt/ros/humble /usr/bin/cmake /home/vboxuser/res_robo/src/restaurant_bot -DAMENT_CMAKE_SYMLINK_INSTALL=1 -DCMAKE_INSTALL_PREFIX=/home/vboxuser/res_robo/install/restaurant_bot
[0.194s] -- The C compiler identification is GNU 11.4.0
[0.301s] -- The CXX compiler identification is GNU 11.4.0
[0.309s] -- Detecting C compiler ABI info
[0.425s] -- Detecting C compiler ABI info - done
[0.430s] -- Check for working C compiler: /usr/bin/cc - skipped
[0.431s] -- Detecting C compile features
[0.433s] -- Detecting C compile features - done
[0.433s] -- Detecting CXX compiler ABI info
[0.622s] -- Detecting CXX compiler ABI info - done
[0.627s] -- Check for working CXX compiler: /usr/bin/c++ - skipped
[0.627s] -- Detecting CXX compile features
[0.628s] -- Detecting CXX compile features - done
[0.629s] -- Found ament_cmake: 1.3.14 (/opt/ros/humble/share/ament_cmake/cmake)
[0.839s] -- Found Python3: /usr/bin/python3 (found version "3.10.12") found components: Interpreter 
[0.939s] -- Override CMake install command with custom implementation using symlinks instead of copying resources
[1.040s] -- Configuring done
[1.041s] -- Generating done
[1.041s] -- Build files have been written to: /home/vboxuser/res_robo/build/restaurant_bot
[1.047s] Invoked command in '/home/vboxuser/res_robo/build/restaurant_bot' returned '0': CMAKE_PREFIX_PATH=${CMAKE_PREFIX_PATH}:/opt/ros/humble /usr/bin/cmake /home/vboxuser/res_robo/src/restaurant_bot -DAMENT_CMAKE_SYMLINK_INSTALL=1 -DCMAKE_INSTALL_PREFIX=/home/vboxuser/res_robo/install/restaurant_bot
[1.049s] Invoking command in '/home/vboxuser/res_robo/build/restaurant_bot': CMAKE_PREFIX_PATH=${CMAKE_PREFIX_PATH}:/opt/ros/humble /usr/bin/cmake --build /home/vboxuser/res_robo/build/restaurant_bot -- -j4 -l4
[1.157s] Invoked command in '/home/vboxuser/res_robo/build/restaurant_bot' returned '0': CMAKE_PREFIX_PATH=${CMAKE_PREFIX_PATH}:/opt/ros/humble /usr/bin/cmake --build /home/vboxuser/res_robo/build/restaurant_bot -- -j4 -l4
[1.184s] Invoking command in '/home/vboxuser/res_robo/build/restaurant_bot': CMAKE_PREFIX_PATH=${CMAKE_PREFIX_PATH}:/opt/ros/humble /usr/bin/cmake --install /home/vboxuser/res_robo/build/restaurant_bot
[1.200s] -- Install configuration: ""
[1.201s] -- Execute custom install script
[1.202s] -- Symlinking: /home/vboxuser/res_robo/install/restaurant_bot/share/restaurant_bot//urdf/restaurant_bot.gazebo.xacro
[1.209s] -- Symlinking: /home/vboxuser/res_robo/install/restaurant_bot/share/restaurant_bot//urdf/restaurant_bot.urdf.xacro
[1.222s] -- Symlinking: /home/vboxuser/res_robo/install/restaurant_bot/share/restaurant_bot//config/controllers.yaml
[1.233s] -- Symlinking: /home/vboxuser/res_robo/install/restaurant_bot/share/restaurant_bot//launch/gazebo.launch.py
[1.242s] -- Symlinking: /home/vboxuser/res_robo/install/restaurant_bot/share/restaurant_bot//launch/restaurant_world.launch.py
[1.253s] -- Symlinking: /home/vboxuser/res_robo/install/restaurant_bot/share/restaurant_bot/worlds/restaurant.world
[1.274s] -- Symlinking: /home/vboxuser/res_robo/install/restaurant_bot/share/restaurant_bot/models/kitchen/model.config
[1.290s] -- Symlinking: /home/vboxuser/res_robo/install/restaurant_bot/share/restaurant_bot/models/kitchen/model.sdf
[1.332s] -- Symlinking: /home/vboxuser/res_robo/install/restaurant_bot/share/restaurant_bot/models/restaurant_chair/model.config
[1.352s] -- Symlinking: /home/vboxuser/res_robo/install/restaurant_bot/share/restaurant_bot/models/restaurant_chair/model.sdf
[1.363s] -- Symlinking: /home/vboxuser/res_robo/install/restaurant_bot/share/restaurant_bot/models/restaurant_table/model.config
[1.388s] -- Symlinking: /home/vboxuser/res_robo/install/restaurant_bot/share/restaurant_bot/models/restaurant_table/model.sdf
[1.404s] -- Up-to-date symlink: /home/vboxuser/res_robo/install/restaurant_bot/share/restaurant_bot/launch/gazebo.launch.py
[1.404s] -- Up-to-date symlink: /home/vboxuser/res_robo/install/restaurant_bot/share/restaurant_bot/launch/restaurant_world.launch.py
[1.404s] -- Up-to-date symlink: /home/vboxuser/res_robo/install/restaurant_bot/share/restaurant_bot/urdf/restaurant_bot.gazebo.xacro
[1.404s] -- Up-to-date symlink: /home/vboxuser/res_robo/install/restaurant_bot/share/restaurant_bot/urdf/restaurant_bot.urdf.xacro
[1.404s] -- Up-to-date symlink: /home/vboxuser/res_robo/install/restaurant_bot/share/restaurant_bot/config/controllers.yaml
[1.404s] -- Symlinking: /home/vboxuser/res_robo/install/restaurant_bot/share/ament_index/resource_index/package_run_dependencies/restaurant_bot
[1.417s] -- Symlinking: /home/vboxuser/res_robo/install/restaurant_bot/share/ament_index/resource_index/parent_prefix_path/restaurant_bot
[1.426s] -- Symlinking: /home/vboxuser/res_robo/install/restaurant_bot/share/restaurant_bot/environment/ament_prefix_path.sh
[1.436s] -- Symlinking: /home/vboxuser/res_robo/install/restaurant_bot/share/restaurant_bot/environment/ament_prefix_path.dsv
[1.446s] -- Symlinking: /home/vboxuser/res_robo/install/restaurant_bot/share/restaurant_bot/environment/path.sh
[1.455s] -- Symlinking: /home/vboxuser/res_robo/install/restaurant_bot/share/restaurant_bot/environment/path.dsv
[1.464s] -- Symlinking: /home/vboxuser/res_robo/install/restaurant_bot/share/restaurant_bot/local_setup.bash
[1.481s] -- Symlinking: /home/vboxuser/res_robo/install/restaurant_bot/share/restaurant_bot/local_setup.sh
[1.489s] -- Symlinking: /home/vboxuser/res_robo/install/restaurant_bot/share/restaurant_bot/local_setup.zsh
[1.506s] -- Symlinking: /home/vboxuser/res_robo/install/restaurant_bot/share/restaurant_bot/local_setup.dsv
[1.529s] -- Symlinking: /home/vboxuser/res_robo/install/restaurant_bot/share/restaurant_bot/package.dsv
[1.566s] -- Symlinking: /home/vboxuser/res_robo/install/restaurant_bot/share/ament_index/resource_index/packages/restaurant_bot
[1.592s] -- Symlinking: /home/vboxuser/res_robo/install/restaurant_bot/share/restaurant_bot/cmake/restaurant_botConfig.cmake
[1.608s] -- Symlinking: /home/vboxuser/res_robo/install/restaurant_bot/share/restaurant_bot/cmake/restaurant_botConfig-version.cmake
[1.623s] -- Symlinking: /home/vboxuser/res_robo/install/restaurant_bot/share/restaurant_bot/package.xml
[1.637s] Invoked command in '/home/vboxuser/res_robo/build/restaurant_bot' returned '0': CMAKE_PREFIX_PATH=${CMAKE_PREFIX_PATH}:/opt/ros/humble /usr/bin/cmake --install /home/vboxuser/res_robo/build/restaurant_bot
