[0.086s] DEBUG:colcon:Command line arguments: ['/usr/bin/colcon', 'build', '--packages-select', 'restaurant_bot']
[0.086s] DEBUG:colcon:Parsed command line arguments: Namespace(log_base=None, log_level=None, verb_name='build', build_base='build', install_base='install', merge_install=False, symlink_install=False, test_result_base=None, continue_on_error=False, executor='parallel', parallel_workers=4, event_handlers=None, ignore_user_meta=False, metas=['./colcon.meta'], base_paths=['.'], packages_ignore=None, packages_ignore_regex=None, paths=None, packages_up_to=None, packages_up_to_regex=None, packages_above=None, packages_above_and_dependencies=None, packages_above_depth=None, packages_select_by_dep=None, packages_skip_by_dep=None, packages_skip_up_to=None, packages_select_build_failed=False, packages_skip_build_finished=False, packages_select_test_failures=False, packages_skip_test_passed=False, packages_select=['restaurant_bot'], packages_skip=None, packages_select_regex=None, packages_skip_regex=None, packages_start=None, packages_end=None, allow_overriding=[], cmake_args=None, cmake_target=None, cmake_target_skip_unavailable=False, cmake_clean_cache=False, cmake_clean_first=False, cmake_force_configure=False, ament_cmake_args=None, catkin_cmake_args=None, catkin_skip_building_tests=False, verb_parser=<colcon_defaults.argument_parser.defaults.DefaultArgumentsDecorator object at 0x7daa88121b70>, verb_extension=<colcon_core.verb.build.BuildVerb object at 0x7daa88121720>, main=<bound method BuildVerb.main of <colcon_core.verb.build.BuildVerb object at 0x7daa88121720>>)
[0.217s] Level 1:colcon.colcon_core.package_discovery:discover_packages(colcon_meta) check parameters
[0.217s] Level 1:colcon.colcon_core.package_discovery:discover_packages(recursive) check parameters
[0.217s] Level 1:colcon.colcon_core.package_discovery:discover_packages(ignore) check parameters
[0.217s] Level 1:colcon.colcon_core.package_discovery:discover_packages(path) check parameters
[0.217s] Level 1:colcon.colcon_core.package_discovery:discover_packages(colcon_meta) discover
[0.217s] Level 1:colcon.colcon_core.package_discovery:discover_packages(recursive) discover
[0.217s] INFO:colcon.colcon_core.package_discovery:Crawling recursively for packages in '/home/vboxuser/res_robo'
[0.217s] Level 1:colcon.colcon_core.package_identification:_identify(.) by extensions ['ignore', 'ignore_ament_install']
[0.217s] Level 1:colcon.colcon_core.package_identification:_identify(.) by extension 'ignore'
[0.217s] Level 1:colcon.colcon_core.package_identification:_identify(.) by extension 'ignore_ament_install'
[0.217s] Level 1:colcon.colcon_core.package_identification:_identify(.) by extensions ['colcon_pkg']
[0.217s] Level 1:colcon.colcon_core.package_identification:_identify(.) by extension 'colcon_pkg'
[0.217s] Level 1:colcon.colcon_core.package_identification:_identify(.) by extensions ['colcon_meta']
[0.217s] Level 1:colcon.colcon_core.package_identification:_identify(.) by extension 'colcon_meta'
[0.217s] Level 1:colcon.colcon_core.package_identification:_identify(.) by extensions ['ros']
[0.217s] Level 1:colcon.colcon_core.package_identification:_identify(.) by extension 'ros'
[0.227s] Level 1:colcon.colcon_core.package_identification:_identify(.) by extensions ['cmake', 'python']
[0.228s] Level 1:colcon.colcon_core.package_identification:_identify(.) by extension 'cmake'
[0.228s] Level 1:colcon.colcon_core.package_identification:_identify(.) by extension 'python'
[0.228s] Level 1:colcon.colcon_core.package_identification:_identify(.) by extensions ['python_setup_py']
[0.228s] Level 1:colcon.colcon_core.package_identification:_identify(.) by extension 'python_setup_py'
[0.228s] Level 1:colcon.colcon_core.package_identification:_identify(build) by extensions ['ignore', 'ignore_ament_install']
[0.228s] Level 1:colcon.colcon_core.package_identification:_identify(build) by extension 'ignore'
[0.228s] Level 1:colcon.colcon_core.package_identification:_identify(build) ignored
[0.228s] Level 1:colcon.colcon_core.package_identification:_identify(install) by extensions ['ignore', 'ignore_ament_install']
[0.228s] Level 1:colcon.colcon_core.package_identification:_identify(install) by extension 'ignore'
[0.228s] Level 1:colcon.colcon_core.package_identification:_identify(install) ignored
[0.228s] Level 1:colcon.colcon_core.package_identification:_identify(log) by extensions ['ignore', 'ignore_ament_install']
[0.228s] Level 1:colcon.colcon_core.package_identification:_identify(log) by extension 'ignore'
[0.228s] Level 1:colcon.colcon_core.package_identification:_identify(log) ignored
[0.228s] Level 1:colcon.colcon_core.package_identification:_identify(src) by extensions ['ignore', 'ignore_ament_install']
[0.228s] Level 1:colcon.colcon_core.package_identification:_identify(src) by extension 'ignore'
[0.228s] Level 1:colcon.colcon_core.package_identification:_identify(src) by extension 'ignore_ament_install'
[0.228s] Level 1:colcon.colcon_core.package_identification:_identify(src) by extensions ['colcon_pkg']
[0.228s] Level 1:colcon.colcon_core.package_identification:_identify(src) by extension 'colcon_pkg'
[0.228s] Level 1:colcon.colcon_core.package_identification:_identify(src) by extensions ['colcon_meta']
[0.228s] Level 1:colcon.colcon_core.package_identification:_identify(src) by extension 'colcon_meta'
[0.229s] Level 1:colcon.colcon_core.package_identification:_identify(src) by extensions ['ros']
[0.229s] Level 1:colcon.colcon_core.package_identification:_identify(src) by extension 'ros'
[0.229s] Level 1:colcon.colcon_core.package_identification:_identify(src) by extensions ['cmake', 'python']
[0.229s] Level 1:colcon.colcon_core.package_identification:_identify(src) by extension 'cmake'
[0.229s] Level 1:colcon.colcon_core.package_identification:_identify(src) by extension 'python'
[0.229s] Level 1:colcon.colcon_core.package_identification:_identify(src) by extensions ['python_setup_py']
[0.229s] Level 1:colcon.colcon_core.package_identification:_identify(src) by extension 'python_setup_py'
[0.229s] Level 1:colcon.colcon_core.package_identification:_identify(src/restaurant_bot) by extensions ['ignore', 'ignore_ament_install']
[0.229s] Level 1:colcon.colcon_core.package_identification:_identify(src/restaurant_bot) by extension 'ignore'
[0.229s] Level 1:colcon.colcon_core.package_identification:_identify(src/restaurant_bot) by extension 'ignore_ament_install'
[0.229s] Level 1:colcon.colcon_core.package_identification:_identify(src/restaurant_bot) by extensions ['colcon_pkg']
[0.229s] Level 1:colcon.colcon_core.package_identification:_identify(src/restaurant_bot) by extension 'colcon_pkg'
[0.229s] Level 1:colcon.colcon_core.package_identification:_identify(src/restaurant_bot) by extensions ['colcon_meta']
[0.229s] Level 1:colcon.colcon_core.package_identification:_identify(src/restaurant_bot) by extension 'colcon_meta'
[0.229s] Level 1:colcon.colcon_core.package_identification:_identify(src/restaurant_bot) by extensions ['ros']
[0.229s] Level 1:colcon.colcon_core.package_identification:_identify(src/restaurant_bot) by extension 'ros'
[0.231s] DEBUG:colcon.colcon_core.package_identification:Package 'src/restaurant_bot' with type 'ros.ament_cmake' and name 'restaurant_bot'
[0.231s] Level 1:colcon.colcon_core.package_discovery:discover_packages(recursive) using defaults
[0.231s] Level 1:colcon.colcon_core.package_discovery:discover_packages(ignore) discover
[0.231s] Level 1:colcon.colcon_core.package_discovery:discover_packages(ignore) using defaults
[0.231s] Level 1:colcon.colcon_core.package_discovery:discover_packages(path) discover
[0.231s] Level 1:colcon.colcon_core.package_discovery:discover_packages(path) using defaults
[0.264s] Level 1:colcon.colcon_core.package_discovery:discover_packages(prefix_path) check parameters
[0.264s] Level 1:colcon.colcon_core.package_discovery:discover_packages(prefix_path) discover
[0.265s] DEBUG:colcon.colcon_installed_package_information.package_discovery:Found 1 installed packages in /home/vboxuser/res_robo/install
[0.266s] DEBUG:colcon.colcon_installed_package_information.package_discovery:Found 474 installed packages in /opt/ros/humble
[0.269s] Level 1:colcon.colcon_core.package_discovery:discover_packages(prefix_path) using defaults
[0.309s] Level 5:colcon.colcon_core.verb:set package 'restaurant_bot' build argument 'cmake_args' from command line to 'None'
[0.309s] Level 5:colcon.colcon_core.verb:set package 'restaurant_bot' build argument 'cmake_target' from command line to 'None'
[0.309s] Level 5:colcon.colcon_core.verb:set package 'restaurant_bot' build argument 'cmake_target_skip_unavailable' from command line to 'False'
[0.309s] Level 5:colcon.colcon_core.verb:set package 'restaurant_bot' build argument 'cmake_clean_cache' from command line to 'False'
[0.309s] Level 5:colcon.colcon_core.verb:set package 'restaurant_bot' build argument 'cmake_clean_first' from command line to 'False'
[0.309s] Level 5:colcon.colcon_core.verb:set package 'restaurant_bot' build argument 'cmake_force_configure' from command line to 'False'
[0.309s] Level 5:colcon.colcon_core.verb:set package 'restaurant_bot' build argument 'ament_cmake_args' from command line to 'None'
[0.309s] Level 5:colcon.colcon_core.verb:set package 'restaurant_bot' build argument 'catkin_cmake_args' from command line to 'None'
[0.309s] Level 5:colcon.colcon_core.verb:set package 'restaurant_bot' build argument 'catkin_skip_building_tests' from command line to 'False'
[0.309s] DEBUG:colcon.colcon_core.verb:Building package 'restaurant_bot' with the following arguments: {'ament_cmake_args': None, 'build_base': '/home/vboxuser/res_robo/build/restaurant_bot', 'catkin_cmake_args': None, 'catkin_skip_building_tests': False, 'cmake_args': None, 'cmake_clean_cache': False, 'cmake_clean_first': False, 'cmake_force_configure': False, 'cmake_target': None, 'cmake_target_skip_unavailable': False, 'install_base': '/home/vboxuser/res_robo/install/restaurant_bot', 'merge_install': False, 'path': '/home/vboxuser/res_robo/src/restaurant_bot', 'symlink_install': False, 'test_result_base': None}
[0.310s] INFO:colcon.colcon_core.executor:Executing jobs using 'parallel' executor
[0.311s] DEBUG:colcon.colcon_parallel_executor.executor.parallel:run_until_complete
[0.311s] INFO:colcon.colcon_ros.task.ament_cmake.build:Building ROS package in '/home/vboxuser/res_robo/src/restaurant_bot' with build type 'ament_cmake'
[0.311s] INFO:colcon.colcon_cmake.task.cmake.build:Building CMake package in '/home/vboxuser/res_robo/src/restaurant_bot'
[0.313s] INFO:colcon.colcon_core.plugin_system:Skipping extension 'colcon_core.shell.bat': Not used on non-Windows systems
[0.313s] INFO:colcon.colcon_core.shell:Skip shell extension 'powershell' for command environment: Not usable outside of PowerShell
[0.313s] DEBUG:colcon.colcon_core.shell:Skip shell extension 'dsv' for command environment
[0.330s] DEBUG:colcon.colcon_core.event_handler.log_command:Invoking command in '/home/vboxuser/res_robo/build/restaurant_bot': CMAKE_PREFIX_PATH=${CMAKE_PREFIX_PATH}:/opt/ros/humble /usr/bin/cmake --build /home/vboxuser/res_robo/build/restaurant_bot -- -j4 -l4
[0.403s] DEBUG:colcon.colcon_core.event_handler.log_command:Invoked command in '/home/vboxuser/res_robo/build/restaurant_bot' returned '0': CMAKE_PREFIX_PATH=${CMAKE_PREFIX_PATH}:/opt/ros/humble /usr/bin/cmake --build /home/vboxuser/res_robo/build/restaurant_bot -- -j4 -l4
[0.414s] DEBUG:colcon.colcon_core.event_handler.log_command:Invoking command in '/home/vboxuser/res_robo/build/restaurant_bot': CMAKE_PREFIX_PATH=${CMAKE_PREFIX_PATH}:/opt/ros/humble /usr/bin/cmake --install /home/vboxuser/res_robo/build/restaurant_bot
[0.454s] Level 1:colcon.colcon_core.environment:create_environment_scripts_only(restaurant_bot)
[0.462s] DEBUG:colcon.colcon_core.event_handler.log_command:Invoked command in '/home/vboxuser/res_robo/build/restaurant_bot' returned '0': CMAKE_PREFIX_PATH=${CMAKE_PREFIX_PATH}:/opt/ros/humble /usr/bin/cmake --install /home/vboxuser/res_robo/build/restaurant_bot
[0.467s] Level 1:colcon.colcon_core.environment:checking '/home/vboxuser/res_robo/install/restaurant_bot' for CMake module files
[0.468s] Level 1:colcon.colcon_core.environment:checking '/home/vboxuser/res_robo/install/restaurant_bot' for CMake config files
[0.468s] Level 1:colcon.colcon_core.shell:create_environment_hook('restaurant_bot', 'cmake_prefix_path')
[0.468s] INFO:colcon.colcon_core.shell:Creating environment hook '/home/vboxuser/res_robo/install/restaurant_bot/share/restaurant_bot/hook/cmake_prefix_path.ps1'
[0.471s] INFO:colcon.colcon_core.shell:Creating environment descriptor '/home/vboxuser/res_robo/install/restaurant_bot/share/restaurant_bot/hook/cmake_prefix_path.dsv'
[0.472s] INFO:colcon.colcon_core.shell:Creating environment hook '/home/vboxuser/res_robo/install/restaurant_bot/share/restaurant_bot/hook/cmake_prefix_path.sh'
[0.473s] Level 1:colcon.colcon_core.environment:checking '/home/vboxuser/res_robo/install/restaurant_bot/bin'
[0.473s] Level 1:colcon.colcon_core.environment:checking '/home/vboxuser/res_robo/install/restaurant_bot/lib/pkgconfig/restaurant_bot.pc'
[0.473s] Level 1:colcon.colcon_core.environment:checking '/home/vboxuser/res_robo/install/restaurant_bot/lib/python3.10/site-packages'
[0.474s] Level 1:colcon.colcon_core.environment:checking '/home/vboxuser/res_robo/install/restaurant_bot/bin'
[0.474s] INFO:colcon.colcon_core.shell:Creating package script '/home/vboxuser/res_robo/install/restaurant_bot/share/restaurant_bot/package.ps1'
[0.475s] INFO:colcon.colcon_core.shell:Creating package descriptor '/home/vboxuser/res_robo/install/restaurant_bot/share/restaurant_bot/package.dsv'
[0.475s] INFO:colcon.colcon_core.shell:Creating package script '/home/vboxuser/res_robo/install/restaurant_bot/share/restaurant_bot/package.sh'
[0.476s] INFO:colcon.colcon_core.shell:Creating package script '/home/vboxuser/res_robo/install/restaurant_bot/share/restaurant_bot/package.bash'
[0.477s] INFO:colcon.colcon_core.shell:Creating package script '/home/vboxuser/res_robo/install/restaurant_bot/share/restaurant_bot/package.zsh'
[0.479s] Level 1:colcon.colcon_core.environment:create_file_with_runtime_dependencies(/home/vboxuser/res_robo/install/restaurant_bot/share/colcon-core/packages/restaurant_bot)
[0.481s] Level 1:colcon.colcon_core.environment:create_environment_scripts_only(restaurant_bot)
[0.481s] Level 1:colcon.colcon_core.environment:checking '/home/vboxuser/res_robo/install/restaurant_bot' for CMake module files
[0.481s] Level 1:colcon.colcon_core.environment:checking '/home/vboxuser/res_robo/install/restaurant_bot' for CMake config files
[0.482s] Level 1:colcon.colcon_core.shell:create_environment_hook('restaurant_bot', 'cmake_prefix_path')
[0.482s] INFO:colcon.colcon_core.shell:Creating environment hook '/home/vboxuser/res_robo/install/restaurant_bot/share/restaurant_bot/hook/cmake_prefix_path.ps1'
[0.482s] INFO:colcon.colcon_core.shell:Creating environment descriptor '/home/vboxuser/res_robo/install/restaurant_bot/share/restaurant_bot/hook/cmake_prefix_path.dsv'
[0.483s] INFO:colcon.colcon_core.shell:Creating environment hook '/home/vboxuser/res_robo/install/restaurant_bot/share/restaurant_bot/hook/cmake_prefix_path.sh'
[0.483s] Level 1:colcon.colcon_core.environment:checking '/home/vboxuser/res_robo/install/restaurant_bot/bin'
[0.484s] Level 1:colcon.colcon_core.environment:checking '/home/vboxuser/res_robo/install/restaurant_bot/lib/pkgconfig/restaurant_bot.pc'
[0.484s] Level 1:colcon.colcon_core.environment:checking '/home/vboxuser/res_robo/install/restaurant_bot/lib/python3.10/site-packages'
[0.484s] Level 1:colcon.colcon_core.environment:checking '/home/vboxuser/res_robo/install/restaurant_bot/bin'
[0.484s] INFO:colcon.colcon_core.shell:Creating package script '/home/vboxuser/res_robo/install/restaurant_bot/share/restaurant_bot/package.ps1'
[0.485s] INFO:colcon.colcon_core.shell:Creating package descriptor '/home/vboxuser/res_robo/install/restaurant_bot/share/restaurant_bot/package.dsv'
[0.485s] INFO:colcon.colcon_core.shell:Creating package script '/home/vboxuser/res_robo/install/restaurant_bot/share/restaurant_bot/package.sh'
[0.486s] INFO:colcon.colcon_core.shell:Creating package script '/home/vboxuser/res_robo/install/restaurant_bot/share/restaurant_bot/package.bash'
[0.486s] INFO:colcon.colcon_core.shell:Creating package script '/home/vboxuser/res_robo/install/restaurant_bot/share/restaurant_bot/package.zsh'
[0.487s] Level 1:colcon.colcon_core.environment:create_file_with_runtime_dependencies(/home/vboxuser/res_robo/install/restaurant_bot/share/colcon-core/packages/restaurant_bot)
[0.488s] DEBUG:colcon.colcon_parallel_executor.executor.parallel:closing loop
[0.488s] DEBUG:colcon.colcon_parallel_executor.executor.parallel:loop closed
[0.488s] DEBUG:colcon.colcon_parallel_executor.executor.parallel:run_until_complete finished with '0'
[0.488s] DEBUG:colcon.colcon_core.event_reactor:joining thread
[0.493s] INFO:colcon.colcon_core.plugin_system:Skipping extension 'colcon_notification.desktop_notification.terminal_notifier': Not used on non-Darwin systems
[0.493s] INFO:colcon.colcon_core.plugin_system:Skipping extension 'colcon_notification.desktop_notification.win32': Not used on non-Windows systems
[0.493s] INFO:colcon.colcon_notification.desktop_notification:Sending desktop notification using 'notify2'
[0.514s] DEBUG:colcon.colcon_core.event_reactor:joined thread
[0.515s] INFO:colcon.colcon_core.shell:Creating prefix script '/home/vboxuser/res_robo/install/local_setup.ps1'
[0.516s] INFO:colcon.colcon_core.shell:Creating prefix util module '/home/vboxuser/res_robo/install/_local_setup_util_ps1.py'
[0.517s] INFO:colcon.colcon_core.shell:Creating prefix chain script '/home/vboxuser/res_robo/install/setup.ps1'
[0.519s] INFO:colcon.colcon_core.shell:Creating prefix script '/home/vboxuser/res_robo/install/local_setup.sh'
[0.519s] INFO:colcon.colcon_core.shell:Creating prefix util module '/home/vboxuser/res_robo/install/_local_setup_util_sh.py'
[0.520s] INFO:colcon.colcon_core.shell:Creating prefix chain script '/home/vboxuser/res_robo/install/setup.sh'
[0.524s] INFO:colcon.colcon_core.shell:Creating prefix script '/home/vboxuser/res_robo/install/local_setup.bash'
[0.531s] INFO:colcon.colcon_core.shell:Creating prefix chain script '/home/vboxuser/res_robo/install/setup.bash'
[0.540s] INFO:colcon.colcon_core.shell:Creating prefix script '/home/vboxuser/res_robo/install/local_setup.zsh'
[0.541s] INFO:colcon.colcon_core.shell:Creating prefix chain script '/home/vboxuser/res_robo/install/setup.zsh'
