[0.050s] Invoking command in '/home/vboxuser/res_robo/src/build/restaurant_bot': CMAKE_PREFIX_PATH=${CMAKE_PREFIX_PATH}:/opt/ros/humble /usr/bin/cmake --build /home/vboxuser/res_robo/src/build/restaurant_bot -- -j4 -l4
[0.193s] Invoked command in '/home/vboxuser/res_robo/src/build/restaurant_bot' returned '0': CMAKE_PREFIX_PATH=${CMAKE_PREFIX_PATH}:/opt/ros/humble /usr/bin/cmake --build /home/vboxuser/res_robo/src/build/restaurant_bot -- -j4 -l4
[0.207s] Invoking command in '/home/vboxuser/res_robo/src/build/restaurant_bot': CMAKE_PREFIX_PATH=${CMAKE_PREFIX_PATH}:/opt/ros/humble /usr/bin/cmake --install /home/vboxuser/res_robo/src/build/restaurant_bot
[0.215s] -- Install configuration: ""
[0.218s] -- Up-to-date: /home/vboxuser/res_robo/src/install/restaurant_bot/share/restaurant_bot//urdf
[0.220s] -- Up-to-date: /home/vboxuser/res_robo/src/install/restaurant_bot/share/restaurant_bot//urdf/restaurant_bot.urdf.xacro
[0.220s] -- Up-to-date: /home/vboxuser/res_robo/src/install/restaurant_bot/share/restaurant_bot//urdf/restaurant_bot.gazebo.xacro
[0.220s] -- Up-to-date: /home/vboxuser/res_robo/src/install/restaurant_bot/share/restaurant_bot//config
[0.220s] -- Up-to-date: /home/vboxuser/res_robo/src/install/restaurant_bot/share/restaurant_bot//config/controllers.yaml
[0.220s] -- Up-to-date: /home/vboxuser/res_robo/src/install/restaurant_bot/share/restaurant_bot//launch
[0.220s] -- Up-to-date: /home/vboxuser/res_robo/src/install/restaurant_bot/share/restaurant_bot//launch/gazebo.launch.py
[0.220s] -- Up-to-date: /home/vboxuser/res_robo/src/install/restaurant_bot/share/restaurant_bot//launch/restaurant_world.launch.py
[0.220s] -- Up-to-date: /home/vboxuser/res_robo/src/install/restaurant_bot/share/restaurant_bot/worlds
[0.221s] -- Up-to-date: /home/vboxuser/res_robo/src/install/restaurant_bot/share/restaurant_bot/worlds/restaurant.world
[0.221s] -- Up-to-date: /home/vboxuser/res_robo/src/install/restaurant_bot/share/restaurant_bot/models
[0.221s] -- Up-to-date: /home/vboxuser/res_robo/src/install/restaurant_bot/share/restaurant_bot/models/kitchen
[0.222s] -- Up-to-date: /home/vboxuser/res_robo/src/install/restaurant_bot/share/restaurant_bot/models/kitchen/model.config
[0.222s] -- Up-to-date: /home/vboxuser/res_robo/src/install/restaurant_bot/share/restaurant_bot/models/kitchen/model.sdf
[0.222s] -- Up-to-date: /home/vboxuser/res_robo/src/install/restaurant_bot/share/restaurant_bot/models/restaurant_chair
[0.223s] -- Up-to-date: /home/vboxuser/res_robo/src/install/restaurant_bot/share/restaurant_bot/models/restaurant_chair/model.config
[0.223s] -- Up-to-date: /home/vboxuser/res_robo/src/install/restaurant_bot/share/restaurant_bot/models/restaurant_chair/model.sdf
[0.223s] -- Up-to-date: /home/vboxuser/res_robo/src/install/restaurant_bot/share/restaurant_bot/models/restaurant_table
[0.223s] -- Up-to-date: /home/vboxuser/res_robo/src/install/restaurant_bot/share/restaurant_bot/models/restaurant_table/model.config
[0.223s] -- Up-to-date: /home/vboxuser/res_robo/src/install/restaurant_bot/share/restaurant_bot/models/restaurant_table/model.sdf
[0.223s] -- Up-to-date: /home/vboxuser/res_robo/src/install/restaurant_bot/share/restaurant_bot/launch
[0.223s] -- Up-to-date: /home/vboxuser/res_robo/src/install/restaurant_bot/share/restaurant_bot/launch/gazebo.launch.py
[0.223s] -- Up-to-date: /home/vboxuser/res_robo/src/install/restaurant_bot/share/restaurant_bot/launch/restaurant_world.launch.py
[0.223s] -- Up-to-date: /home/vboxuser/res_robo/src/install/restaurant_bot/share/restaurant_bot/urdf
[0.223s] -- Up-to-date: /home/vboxuser/res_robo/src/install/restaurant_bot/share/restaurant_bot/urdf/restaurant_bot.urdf.xacro
[0.223s] -- Up-to-date: /home/vboxuser/res_robo/src/install/restaurant_bot/share/restaurant_bot/urdf/restaurant_bot.gazebo.xacro
[0.223s] -- Up-to-date: /home/vboxuser/res_robo/src/install/restaurant_bot/share/restaurant_bot/config
[0.223s] -- Up-to-date: /home/vboxuser/res_robo/src/install/restaurant_bot/share/restaurant_bot/config/controllers.yaml
[0.226s] -- Up-to-date: /home/vboxuser/res_robo/src/install/restaurant_bot/share/ament_index/resource_index/package_run_dependencies/restaurant_bot
[0.227s] -- Up-to-date: /home/vboxuser/res_robo/src/install/restaurant_bot/share/ament_index/resource_index/parent_prefix_path/restaurant_bot
[0.231s] -- Up-to-date: /home/vboxuser/res_robo/src/install/restaurant_bot/share/restaurant_bot/environment/ament_prefix_path.sh
[0.231s] -- Up-to-date: /home/vboxuser/res_robo/src/install/restaurant_bot/share/restaurant_bot/environment/ament_prefix_path.dsv
[0.231s] -- Up-to-date: /home/vboxuser/res_robo/src/install/restaurant_bot/share/restaurant_bot/environment/path.sh
[0.232s] -- Up-to-date: /home/vboxuser/res_robo/src/install/restaurant_bot/share/restaurant_bot/environment/path.dsv
[0.232s] -- Up-to-date: /home/vboxuser/res_robo/src/install/restaurant_bot/share/restaurant_bot/local_setup.bash
[0.232s] -- Up-to-date: /home/vboxuser/res_robo/src/install/restaurant_bot/share/restaurant_bot/local_setup.sh
[0.232s] -- Up-to-date: /home/vboxuser/res_robo/src/install/restaurant_bot/share/restaurant_bot/local_setup.zsh
[0.232s] -- Up-to-date: /home/vboxuser/res_robo/src/install/restaurant_bot/share/restaurant_bot/local_setup.dsv
[0.232s] -- Installing: /home/vboxuser/res_robo/src/install/restaurant_bot/share/restaurant_bot/package.dsv
[0.233s] -- Up-to-date: /home/vboxuser/res_robo/src/install/restaurant_bot/share/ament_index/resource_index/packages/restaurant_bot
[0.234s] -- Up-to-date: /home/vboxuser/res_robo/src/install/restaurant_bot/share/restaurant_bot/cmake/restaurant_botConfig.cmake
[0.234s] -- Up-to-date: /home/vboxuser/res_robo/src/install/restaurant_bot/share/restaurant_bot/cmake/restaurant_botConfig-version.cmake
[0.234s] -- Up-to-date: /home/vboxuser/res_robo/src/install/restaurant_bot/share/restaurant_bot/package.xml
[0.243s] Invoked command in '/home/vboxuser/res_robo/src/build/restaurant_bot' returned '0': CMAKE_PREFIX_PATH=${CMAKE_PREFIX_PATH}:/opt/ros/humble /usr/bin/cmake --install /home/vboxuser/res_robo/src/build/restaurant_bot
