[0.579s] DEBUG:colcon:Command line arguments: ['/usr/bin/colcon', 'build', '--packages-select', 'restaurant_bot']
[0.582s] DEBUG:colcon:Parsed command line arguments: Namespace(log_base=None, log_level=None, verb_name='build', build_base='build', install_base='install', merge_install=False, symlink_install=False, test_result_base=None, continue_on_error=False, executor='parallel', parallel_workers=4, event_handlers=None, ignore_user_meta=False, metas=['./colcon.meta'], base_paths=['.'], packages_ignore=None, packages_ignore_regex=None, paths=None, packages_up_to=None, packages_up_to_regex=None, packages_above=None, packages_above_and_dependencies=None, packages_above_depth=None, packages_select_by_dep=None, packages_skip_by_dep=None, packages_skip_up_to=None, packages_select_build_failed=False, packages_skip_build_finished=False, packages_select_test_failures=False, packages_skip_test_passed=False, packages_select=['restaurant_bot'], packages_skip=None, packages_select_regex=None, packages_skip_regex=None, packages_start=None, packages_end=None, allow_overriding=[], cmake_args=None, cmake_target=None, cmake_target_skip_unavailable=False, cmake_clean_cache=False, cmake_clean_first=False, cmake_force_configure=False, ament_cmake_args=None, catkin_cmake_args=None, catkin_skip_building_tests=False, verb_parser=<colcon_defaults.argument_parser.defaults.DefaultArgumentsDecorator object at 0x7b2aacb69b70>, verb_extension=<colcon_core.verb.build.BuildVerb object at 0x7b2aacb69720>, main=<bound method BuildVerb.main of <colcon_core.verb.build.BuildVerb object at 0x7b2aacb69720>>)
[0.816s] Level 1:colcon.colcon_core.package_discovery:discover_packages(colcon_meta) check parameters
[0.817s] Level 1:colcon.colcon_core.package_discovery:discover_packages(recursive) check parameters
[0.817s] Level 1:colcon.colcon_core.package_discovery:discover_packages(ignore) check parameters
[0.817s] Level 1:colcon.colcon_core.package_discovery:discover_packages(path) check parameters
[0.817s] Level 1:colcon.colcon_core.package_discovery:discover_packages(colcon_meta) discover
[0.817s] Level 1:colcon.colcon_core.package_discovery:discover_packages(recursive) discover
[0.817s] INFO:colcon.colcon_core.package_discovery:Crawling recursively for packages in '/home/vboxuser/res_robo'
[0.817s] Level 1:colcon.colcon_core.package_identification:_identify(.) by extensions ['ignore', 'ignore_ament_install']
[0.817s] Level 1:colcon.colcon_core.package_identification:_identify(.) by extension 'ignore'
[0.817s] Level 1:colcon.colcon_core.package_identification:_identify(.) by extension 'ignore_ament_install'
[0.817s] Level 1:colcon.colcon_core.package_identification:_identify(.) by extensions ['colcon_pkg']
[0.817s] Level 1:colcon.colcon_core.package_identification:_identify(.) by extension 'colcon_pkg'
[0.818s] Level 1:colcon.colcon_core.package_identification:_identify(.) by extensions ['colcon_meta']
[0.818s] Level 1:colcon.colcon_core.package_identification:_identify(.) by extension 'colcon_meta'
[0.818s] Level 1:colcon.colcon_core.package_identification:_identify(.) by extensions ['ros']
[0.818s] Level 1:colcon.colcon_core.package_identification:_identify(.) by extension 'ros'
[0.861s] Level 1:colcon.colcon_core.package_identification:_identify(.) by extensions ['cmake', 'python']
[0.861s] Level 1:colcon.colcon_core.package_identification:_identify(.) by extension 'cmake'
[0.861s] Level 1:colcon.colcon_core.package_identification:_identify(.) by extension 'python'
[0.861s] Level 1:colcon.colcon_core.package_identification:_identify(.) by extensions ['python_setup_py']
[0.861s] Level 1:colcon.colcon_core.package_identification:_identify(.) by extension 'python_setup_py'
[0.862s] Level 1:colcon.colcon_core.package_identification:_identify(build) by extensions ['ignore', 'ignore_ament_install']
[0.862s] Level 1:colcon.colcon_core.package_identification:_identify(build) by extension 'ignore'
[0.862s] Level 1:colcon.colcon_core.package_identification:_identify(build) ignored
[0.862s] Level 1:colcon.colcon_core.package_identification:_identify(install) by extensions ['ignore', 'ignore_ament_install']
[0.862s] Level 1:colcon.colcon_core.package_identification:_identify(install) by extension 'ignore'
[0.862s] Level 1:colcon.colcon_core.package_identification:_identify(install) ignored
[0.862s] Level 1:colcon.colcon_core.package_identification:_identify(log) by extensions ['ignore', 'ignore_ament_install']
[0.862s] Level 1:colcon.colcon_core.package_identification:_identify(log) by extension 'ignore'
[0.862s] Level 1:colcon.colcon_core.package_identification:_identify(log) ignored
[0.863s] Level 1:colcon.colcon_core.package_identification:_identify(src) by extensions ['ignore', 'ignore_ament_install']
[0.863s] Level 1:colcon.colcon_core.package_identification:_identify(src) by extension 'ignore'
[0.863s] Level 1:colcon.colcon_core.package_identification:_identify(src) by extension 'ignore_ament_install'
[0.863s] Level 1:colcon.colcon_core.package_identification:_identify(src) by extensions ['colcon_pkg']
[0.863s] Level 1:colcon.colcon_core.package_identification:_identify(src) by extension 'colcon_pkg'
[0.863s] Level 1:colcon.colcon_core.package_identification:_identify(src) by extensions ['colcon_meta']
[0.863s] Level 1:colcon.colcon_core.package_identification:_identify(src) by extension 'colcon_meta'
[0.863s] Level 1:colcon.colcon_core.package_identification:_identify(src) by extensions ['ros']
[0.863s] Level 1:colcon.colcon_core.package_identification:_identify(src) by extension 'ros'
[0.864s] Level 1:colcon.colcon_core.package_identification:_identify(src) by extensions ['cmake', 'python']
[0.864s] Level 1:colcon.colcon_core.package_identification:_identify(src) by extension 'cmake'
[0.864s] Level 1:colcon.colcon_core.package_identification:_identify(src) by extension 'python'
[0.864s] Level 1:colcon.colcon_core.package_identification:_identify(src) by extensions ['python_setup_py']
[0.864s] Level 1:colcon.colcon_core.package_identification:_identify(src) by extension 'python_setup_py'
[0.864s] Level 1:colcon.colcon_core.package_identification:_identify(src/restaurant_bot) by extensions ['ignore', 'ignore_ament_install']
[0.865s] Level 1:colcon.colcon_core.package_identification:_identify(src/restaurant_bot) by extension 'ignore'
[0.865s] Level 1:colcon.colcon_core.package_identification:_identify(src/restaurant_bot) by extension 'ignore_ament_install'
[0.866s] Level 1:colcon.colcon_core.package_identification:_identify(src/restaurant_bot) by extensions ['colcon_pkg']
[0.866s] Level 1:colcon.colcon_core.package_identification:_identify(src/restaurant_bot) by extension 'colcon_pkg'
[0.866s] Level 1:colcon.colcon_core.package_identification:_identify(src/restaurant_bot) by extensions ['colcon_meta']
[0.866s] Level 1:colcon.colcon_core.package_identification:_identify(src/restaurant_bot) by extension 'colcon_meta'
[0.866s] Level 1:colcon.colcon_core.package_identification:_identify(src/restaurant_bot) by extensions ['ros']
[0.866s] Level 1:colcon.colcon_core.package_identification:_identify(src/restaurant_bot) by extension 'ros'
[0.875s] DEBUG:colcon.colcon_core.package_identification:Package 'src/restaurant_bot' with type 'ros.ament_cmake' and name 'restaurant_bot'
[0.876s] Level 1:colcon.colcon_core.package_discovery:discover_packages(recursive) using defaults
[0.876s] Level 1:colcon.colcon_core.package_discovery:discover_packages(ignore) discover
[0.876s] Level 1:colcon.colcon_core.package_discovery:discover_packages(ignore) using defaults
[0.876s] Level 1:colcon.colcon_core.package_discovery:discover_packages(path) discover
[0.878s] Level 1:colcon.colcon_core.package_discovery:discover_packages(path) using defaults
[1.074s] Level 1:colcon.colcon_core.package_discovery:discover_packages(prefix_path) check parameters
[1.074s] Level 1:colcon.colcon_core.package_discovery:discover_packages(prefix_path) discover
[1.088s] DEBUG:colcon.colcon_installed_package_information.package_discovery:Found 1 installed packages in /home/vboxuser/res_robo/install
[1.090s] DEBUG:colcon.colcon_installed_package_information.package_discovery:Found 474 installed packages in /opt/ros/humble
[1.097s] Level 1:colcon.colcon_core.package_discovery:discover_packages(prefix_path) using defaults
[1.301s] Level 5:colcon.colcon_core.verb:set package 'restaurant_bot' build argument 'cmake_args' from command line to 'None'
[1.301s] Level 5:colcon.colcon_core.verb:set package 'restaurant_bot' build argument 'cmake_target' from command line to 'None'
[1.301s] Level 5:colcon.colcon_core.verb:set package 'restaurant_bot' build argument 'cmake_target_skip_unavailable' from command line to 'False'
[1.301s] Level 5:colcon.colcon_core.verb:set package 'restaurant_bot' build argument 'cmake_clean_cache' from command line to 'False'
[1.301s] Level 5:colcon.colcon_core.verb:set package 'restaurant_bot' build argument 'cmake_clean_first' from command line to 'False'
[1.301s] Level 5:colcon.colcon_core.verb:set package 'restaurant_bot' build argument 'cmake_force_configure' from command line to 'False'
[1.301s] Level 5:colcon.colcon_core.verb:set package 'restaurant_bot' build argument 'ament_cmake_args' from command line to 'None'
[1.301s] Level 5:colcon.colcon_core.verb:set package 'restaurant_bot' build argument 'catkin_cmake_args' from command line to 'None'
[1.301s] Level 5:colcon.colcon_core.verb:set package 'restaurant_bot' build argument 'catkin_skip_building_tests' from command line to 'False'
[1.301s] DEBUG:colcon.colcon_core.verb:Building package 'restaurant_bot' with the following arguments: {'ament_cmake_args': None, 'build_base': '/home/vboxuser/res_robo/build/restaurant_bot', 'catkin_cmake_args': None, 'catkin_skip_building_tests': False, 'cmake_args': None, 'cmake_clean_cache': False, 'cmake_clean_first': False, 'cmake_force_configure': False, 'cmake_target': None, 'cmake_target_skip_unavailable': False, 'install_base': '/home/vboxuser/res_robo/install/restaurant_bot', 'merge_install': False, 'path': '/home/vboxuser/res_robo/src/restaurant_bot', 'symlink_install': False, 'test_result_base': None}
[1.301s] INFO:colcon.colcon_core.executor:Executing jobs using 'parallel' executor
[1.306s] DEBUG:colcon.colcon_parallel_executor.executor.parallel:run_until_complete
[1.307s] INFO:colcon.colcon_ros.task.ament_cmake.build:Building ROS package in '/home/vboxuser/res_robo/src/restaurant_bot' with build type 'ament_cmake'
[1.309s] INFO:colcon.colcon_cmake.task.cmake.build:Building CMake package in '/home/vboxuser/res_robo/src/restaurant_bot'
[1.345s] INFO:colcon.colcon_core.plugin_system:Skipping extension 'colcon_core.shell.bat': Not used on non-Windows systems
[1.346s] INFO:colcon.colcon_core.shell:Skip shell extension 'powershell' for command environment: Not usable outside of PowerShell
[1.346s] DEBUG:colcon.colcon_core.shell:Skip shell extension 'dsv' for command environment
[1.454s] DEBUG:colcon.colcon_core.event_handler.log_command:Invoking command in '/home/vboxuser/res_robo/build/restaurant_bot': CMAKE_PREFIX_PATH=${CMAKE_PREFIX_PATH}:/opt/ros/humble /usr/bin/cmake --build /home/vboxuser/res_robo/build/restaurant_bot -- -j4 -l4
[1.659s] DEBUG:colcon.colcon_core.event_handler.log_command:Invoked command in '/home/vboxuser/res_robo/build/restaurant_bot' returned '0': CMAKE_PREFIX_PATH=${CMAKE_PREFIX_PATH}:/opt/ros/humble /usr/bin/cmake --build /home/vboxuser/res_robo/build/restaurant_bot -- -j4 -l4
[1.678s] DEBUG:colcon.colcon_core.event_handler.log_command:Invoking command in '/home/vboxuser/res_robo/build/restaurant_bot': CMAKE_PREFIX_PATH=${CMAKE_PREFIX_PATH}:/opt/ros/humble /usr/bin/cmake --install /home/vboxuser/res_robo/build/restaurant_bot
[1.710s] Level 1:colcon.colcon_core.environment:create_environment_scripts_only(restaurant_bot)
[1.712s] DEBUG:colcon.colcon_core.event_handler.log_command:Invoked command in '/home/vboxuser/res_robo/build/restaurant_bot' returned '0': CMAKE_PREFIX_PATH=${CMAKE_PREFIX_PATH}:/opt/ros/humble /usr/bin/cmake --install /home/vboxuser/res_robo/build/restaurant_bot
[1.719s] Level 1:colcon.colcon_core.environment:checking '/home/vboxuser/res_robo/install/restaurant_bot' for CMake module files
[1.720s] Level 1:colcon.colcon_core.environment:checking '/home/vboxuser/res_robo/install/restaurant_bot' for CMake config files
[1.721s] Level 1:colcon.colcon_core.shell:create_environment_hook('restaurant_bot', 'cmake_prefix_path')
[1.721s] INFO:colcon.colcon_core.shell:Creating environment hook '/home/vboxuser/res_robo/install/restaurant_bot/share/restaurant_bot/hook/cmake_prefix_path.ps1'
[1.722s] INFO:colcon.colcon_core.shell:Creating environment descriptor '/home/vboxuser/res_robo/install/restaurant_bot/share/restaurant_bot/hook/cmake_prefix_path.dsv'
[1.723s] INFO:colcon.colcon_core.shell:Creating environment hook '/home/vboxuser/res_robo/install/restaurant_bot/share/restaurant_bot/hook/cmake_prefix_path.sh'
[1.725s] Level 1:colcon.colcon_core.environment:checking '/home/vboxuser/res_robo/install/restaurant_bot/bin'
[1.725s] Level 1:colcon.colcon_core.environment:checking '/home/vboxuser/res_robo/install/restaurant_bot/lib/pkgconfig/restaurant_bot.pc'
[1.725s] Level 1:colcon.colcon_core.environment:checking '/home/vboxuser/res_robo/install/restaurant_bot/lib/python3.10/site-packages'
[1.725s] Level 1:colcon.colcon_core.environment:checking '/home/vboxuser/res_robo/install/restaurant_bot/bin'
[1.726s] INFO:colcon.colcon_core.shell:Creating package script '/home/vboxuser/res_robo/install/restaurant_bot/share/restaurant_bot/package.ps1'
[1.727s] INFO:colcon.colcon_core.shell:Creating package descriptor '/home/vboxuser/res_robo/install/restaurant_bot/share/restaurant_bot/package.dsv'
[1.728s] INFO:colcon.colcon_core.shell:Creating package script '/home/vboxuser/res_robo/install/restaurant_bot/share/restaurant_bot/package.sh'
[1.729s] INFO:colcon.colcon_core.shell:Creating package script '/home/vboxuser/res_robo/install/restaurant_bot/share/restaurant_bot/package.bash'
[1.730s] INFO:colcon.colcon_core.shell:Creating package script '/home/vboxuser/res_robo/install/restaurant_bot/share/restaurant_bot/package.zsh'
[1.731s] Level 1:colcon.colcon_core.environment:create_file_with_runtime_dependencies(/home/vboxuser/res_robo/install/restaurant_bot/share/colcon-core/packages/restaurant_bot)
[1.732s] Level 1:colcon.colcon_core.environment:create_environment_scripts_only(restaurant_bot)
[1.732s] Level 1:colcon.colcon_core.environment:checking '/home/vboxuser/res_robo/install/restaurant_bot' for CMake module files
[1.732s] Level 1:colcon.colcon_core.environment:checking '/home/vboxuser/res_robo/install/restaurant_bot' for CMake config files
[1.732s] Level 1:colcon.colcon_core.shell:create_environment_hook('restaurant_bot', 'cmake_prefix_path')
[1.733s] INFO:colcon.colcon_core.shell:Creating environment hook '/home/vboxuser/res_robo/install/restaurant_bot/share/restaurant_bot/hook/cmake_prefix_path.ps1'
[1.733s] INFO:colcon.colcon_core.shell:Creating environment descriptor '/home/vboxuser/res_robo/install/restaurant_bot/share/restaurant_bot/hook/cmake_prefix_path.dsv'
[1.734s] INFO:colcon.colcon_core.shell:Creating environment hook '/home/vboxuser/res_robo/install/restaurant_bot/share/restaurant_bot/hook/cmake_prefix_path.sh'
[1.735s] Level 1:colcon.colcon_core.environment:checking '/home/vboxuser/res_robo/install/restaurant_bot/bin'
[1.735s] Level 1:colcon.colcon_core.environment:checking '/home/vboxuser/res_robo/install/restaurant_bot/lib/pkgconfig/restaurant_bot.pc'
[1.735s] Level 1:colcon.colcon_core.environment:checking '/home/vboxuser/res_robo/install/restaurant_bot/lib/python3.10/site-packages'
[1.735s] Level 1:colcon.colcon_core.environment:checking '/home/vboxuser/res_robo/install/restaurant_bot/bin'
[1.735s] INFO:colcon.colcon_core.shell:Creating package script '/home/vboxuser/res_robo/install/restaurant_bot/share/restaurant_bot/package.ps1'
[1.736s] INFO:colcon.colcon_core.shell:Creating package descriptor '/home/vboxuser/res_robo/install/restaurant_bot/share/restaurant_bot/package.dsv'
[1.737s] INFO:colcon.colcon_core.shell:Creating package script '/home/vboxuser/res_robo/install/restaurant_bot/share/restaurant_bot/package.sh'
[1.737s] INFO:colcon.colcon_core.shell:Creating package script '/home/vboxuser/res_robo/install/restaurant_bot/share/restaurant_bot/package.bash'
[1.738s] INFO:colcon.colcon_core.shell:Creating package script '/home/vboxuser/res_robo/install/restaurant_bot/share/restaurant_bot/package.zsh'
[1.739s] Level 1:colcon.colcon_core.environment:create_file_with_runtime_dependencies(/home/vboxuser/res_robo/install/restaurant_bot/share/colcon-core/packages/restaurant_bot)
[1.739s] DEBUG:colcon.colcon_parallel_executor.executor.parallel:closing loop
[1.740s] DEBUG:colcon.colcon_parallel_executor.executor.parallel:loop closed
[1.740s] DEBUG:colcon.colcon_parallel_executor.executor.parallel:run_until_complete finished with '0'
[1.740s] DEBUG:colcon.colcon_core.event_reactor:joining thread
[1.757s] INFO:colcon.colcon_core.plugin_system:Skipping extension 'colcon_notification.desktop_notification.terminal_notifier': Not used on non-Darwin systems
[1.758s] INFO:colcon.colcon_core.plugin_system:Skipping extension 'colcon_notification.desktop_notification.win32': Not used on non-Windows systems
[1.758s] INFO:colcon.colcon_notification.desktop_notification:Sending desktop notification using 'notify2'
[1.843s] DEBUG:colcon.colcon_core.event_reactor:joined thread
[1.844s] INFO:colcon.colcon_core.shell:Creating prefix script '/home/vboxuser/res_robo/install/local_setup.ps1'
[1.845s] INFO:colcon.colcon_core.shell:Creating prefix util module '/home/vboxuser/res_robo/install/_local_setup_util_ps1.py'
[1.854s] INFO:colcon.colcon_core.shell:Creating prefix chain script '/home/vboxuser/res_robo/install/setup.ps1'
[1.859s] INFO:colcon.colcon_core.shell:Creating prefix script '/home/vboxuser/res_robo/install/local_setup.sh'
[1.870s] INFO:colcon.colcon_core.shell:Creating prefix util module '/home/vboxuser/res_robo/install/_local_setup_util_sh.py'
[1.871s] INFO:colcon.colcon_core.shell:Creating prefix chain script '/home/vboxuser/res_robo/install/setup.sh'
[1.873s] INFO:colcon.colcon_core.shell:Creating prefix script '/home/vboxuser/res_robo/install/local_setup.bash'
[1.874s] INFO:colcon.colcon_core.shell:Creating prefix chain script '/home/vboxuser/res_robo/install/setup.bash'
[1.878s] INFO:colcon.colcon_core.shell:Creating prefix script '/home/vboxuser/res_robo/install/local_setup.zsh'
[1.885s] INFO:colcon.colcon_core.shell:Creating prefix chain script '/home/vboxuser/res_robo/install/setup.zsh'
